CYCLE	ADD_OUT	REG_OUT
00000000	UUUUUUUU	UUUUUUUU
00000001	UUUUUUUU	UUUUUUUU
00000010	UUUUUUUU	UUUUUUUU
00000011	UUUUUUUU	UUUUUUUU
00000100	UUUUUUUU	UUUUUUUU
00000101	UUUUUUUU	UUUUUUUU
00000110	UUUUUUUU	UUUUUUUU
00000111	UUUUUUUU	UUUUUUUU
00001000	UUUUUUUU	UUUUUUUU
00001001	UUUUUUUU	UUUUUUUU
00001010	UUUUUUUU	UUUUUUUU
00001011	UUUUUUUU	UUUUUUUU
00001100	UUUUUUUU	UUUUUUUU
00001101	UUUUUUUU	UUUUUUUU
00001110	UUUUUUUU	UUUUUUUU
00001111	UUUUUUUU	UUUUUUUU
