CYCLE	ROTRIGHT_OUT
0000	UUUUUUUUUUUUUUUU
0001	UUUUUUUUUUUUUUUU
0010	UUUUUUUUUUUUUUUU
0011	UUUUUUUUUUUUUUUU
0100	UUUUUUUUUUUUUUUU
0101	UUUUUUUUUUUUUUUU
0110	UUUUUUUUUUUUUUUU
0111	UUUUUUUUUUUUUUUU
1000	UUUUUUUUUUUUUUUU
1001	UUUUUUUUUUUUUUUU
1010	UUUUUUUUUUUUUUUU
1011	UUUUUUUUUUUUUUUU
1100	UUUUUUUUUUUUUUUU
1101	UUUUUUUUUUUUUUUU
1110	UUUUUUUUUUUUUUUU
1111	UUUUUUUUUUUUUUUU
